// Vitest Snapshot v1, https://vitest.dev/guide/snapshot.html

exports[`CustomSelect.vue > matches snapshot 1`] = `
"<div class="w-full relative" label="Username">
  <div class="flex justify-between flex-1 border border-border p-1 rounded-md"><span class="text-sm pl-2 text-center">Selected item</span><span>â–¼</span></div>
  <!--v-if-->
</div>"
`;
